// Jest Snapshot v1, https://goo.gl/fbAQLP

exports[`components - AboutPage - ComplianceDashboard render should render correctly 1`] = `
<Fragment>
  <LazyHTML
    url="/src/components/about-page/html/compliance/agency-compliance.html"
  />
  <ComplianceDashboardComponent
    config={
      Object {
        "scores": Object {
          "compliant": Array [
            1,
            null,
          ],
          "noncompliant": Array [
            null,
            0.244444444,
          ],
          "partial": Array [
            0.25,
            0.9999999,
          ],
        },
        "text": Array [
          Object {
            "req": "agencyWidePolicy",
            "variants": Object {
              "compliant": "Agency policy is consistent with the Federal Source Code Policy.",
              "noncompliant": "Agency policy has not been reviewed for consistency with the Federal Source Code Policy.",
              "partial": "Agency policy is being updated for consistency with the Federal Source Code Policy.",
            },
          },
          Object {
            "req": "openSourceRequirement",
            "variants": Object {
              "compliant": "Agency has open sourced greater than 20% of their custom developed code.",
              "noncompliant": "Agency has open sourced less than 10% of their custom developed code.",
              "partial": "Agency has open sourced greater than 10% of their custom developed code.",
            },
          },
          Object {
            "req": "inventoryRequirement",
            "variants": Object {
              "compliant": "Agency has inventoried 100% of new custom code.",
              "noncompliant": "Agency has inventoried less than 50% of new custom code.",
              "partial": "Agency has inventoried more than 50% of new custom code.",
            },
          },
        ],
      }
    }
    data={
      Array [
        Object {
          "acronym": "DOD",
          "img": "/assets/img/logos/agencies/DOD-50x50.png",
          "name": "agency-1-name",
        },
        Object {
          "acronym": "DOE",
          "img": "/assets/img/logos/agencies/DOE-50x50.png",
          "name": "agency-2-name",
        },
      ]
    }
  />
</Fragment>
`;

exports[`components - AboutPage - InventoryCode render should render correctly 1`] = `
<Fragment>
  <LazyHTML
    url="/src/components/about-page/html/compliance/how-to-inventory-a.html"
  />
  <InventoryCodeComponent
    schema={Object {}}
    url="/assets/data/schema.json"
  />
  <LazyHTML
    url="/src/components/about-page/html/compliance/how-to-inventory-b.html"
  />
</Fragment>
`;

exports[`components - AboutPage render should render correctly 1`] = `
<div>
  <Connect(SiteBanner)
    title="ABOUT"
  />
  <Breadcrumbs
    crumbs={
      Array [
        Object {
          "text": "Home",
          "to": "/",
        },
        Object {
          "text": "About",
        },
      ]
    }
  />
  <br />
  <div
    className="indented"
  >
    <div
      className="show-w-lte-600"
      style={
        Object {
          "padding": "30px",
          "textAlign": "center",
        }
      }
    >
      <Connect(NavSelect)
        pages={
          Array [
            Object {
              "display": "Overview - Introduction",
              "route": "/about/overview/introduction",
            },
            Object {
              "display": "Overview - Tracking Progress",
              "route": "/about/overview/tracking-progress",
            },
            Object {
              "display": "Compliance - Agency Compliance",
              "route": "/about/compliance/dashboard",
            },
            Object {
              "display": "Compliance - How to Procure Software",
              "route": "/about/compliance/procurement",
            },
            Object {
              "display": "Compliance - How to Inventory",
              "route": "/about/compliance/inventory-code",
            },
            Object {
              "display": "Compliance - Validate Schema",
              "route": "/about/compliance/inventory-code/validate-schema",
            },
            Object {
              "display": "Open Source Pilot - Introduction",
              "route": "/about/open-source/introduction",
            },
            Object {
              "display": "Open Source Pilot - Tools and Resources",
              "route": "/about/open-source/resources",
            },
            Object {
              "display": "Open Source Pilot - How to Measure",
              "route": "/about/open-source/measuring-code",
            },
            Object {
              "display": "Open Source Pilot - Licensing",
              "route": "/about/open-source/licensing",
            },
          ]
        }
      />
    </div>
    <div
      className="width-quarter show-w-gt-600 sticky"
    >
      <SideNav
        alignment="left"
        baseurl="/about"
        links={
          Array [
            Object {
              "children": Array [
                Object {
                  "route": "/overview/introduction",
                  "text": "Introduction",
                },
                Object {
                  "route": "/overview/tracking-progress",
                  "text": "Tracking Progress",
                },
              ],
              "route": "/overview/introduction",
              "text": "Overview",
            },
            Object {
              "children": Array [
                Object {
                  "route": "/compliance/dashboard",
                  "text": "Agency Compliance",
                },
                Object {
                  "route": "/compliance/procurement",
                  "text": "How to Procure Software",
                },
                Object {
                  "route": "/compliance/inventory-code",
                  "text": "How to Inventory",
                },
              ],
              "route": "/compliance/dashboard",
              "text": "Compliance",
            },
            Object {
              "children": Array [
                Object {
                  "route": "/open-source/introduction",
                  "text": "Introduction",
                },
                Object {
                  "route": "/open-source/resources",
                  "text": "Tools and Resources",
                },
                Object {
                  "route": "/open-source/measuring-code",
                  "text": "How to Measure",
                },
                Object {
                  "route": "/open-source/licensing",
                  "text": "Licensing",
                },
              ],
              "route": "/open-source/introduction",
              "text": "Open Source Pilot",
            },
          ]
        }
        onLinkClick={[Function]}
      />
    </div>
    <div
      className="docs-content"
    >
      <Switch>
        <Route
          component={[Function]}
          path="/about/overview/introduction"
        />
        <Route
          component={[Function]}
          path="/about/overview/tracking-progress"
        />
        <Redirect
          from="/about/overview"
          push={false}
          to="/about/overview/introduction"
        />
        <Route
          component={[Function]}
          path="/about/compliance/dashboard"
        />
        <Route
          component={[Function]}
          path="/about/compliance/procurement"
        />
        <Route
          component={[Function]}
          path="/about/compliance/inventory-code"
        />
        <Redirect
          from="/about/compliance"
          push={false}
          to="/about/compliance/dashboard"
        />
        <Route
          component={[Function]}
          path="/about/open-source/introduction"
        />
        <Route
          component={[Function]}
          path="/about/open-source/resources"
        />
        <Route
          component={[Function]}
          path="/about/open-source/measuring-code"
        />
        <Route
          component={[Function]}
          path="/about/open-source/licensing"
        />
        <Redirect
          from="/about/open-source"
          push={false}
          to="/about/open-source/introduction"
        />
      </Switch>
    </div>
  </div>
  <br />
  <br />
</div>
`;

exports[`render should render correctly 1`] = `
<Fragment>
  <LazyHTML
    url="/src/components/about-page/html/compliance/how-to-inventory-a.html"
  />
  <InventoryCodeComponent
    schema={Object {}}
    url="/assets/data/schema.json"
  />
  <LazyHTML
    url="/src/components/about-page/html/compliance/how-to-inventory-b.html"
  />
</Fragment>
`;
