// Jest Snapshot v1, https://goo.gl/fbAQLP

exports[`containers - Roadmap mapStateToProps should return the correct properties 1`] = `
Object {
  "disclaimer": "This Development Roadmap (Roadmap) is for informational purposes only. The Code.gov team will update the Roadmap as frequently as possible but, given that it’s subject to change at any time, the information presented by the Roadmap should not be used for planning purposes. The information presented in the Roadmap does not represent a solicitation or similar contract vehicle. All items in the Roadmap will be developed and released at the sole discretion of Code.gov, the General Services Agency, the Office of Management and Budget, and the United States Federal Government.",
  "long": Array [
    Object {
      "name": "Usability research to study project experience",
      "status": null,
    },
    Object {
      "name": "Redesign Project and Open Tasks pages",
      "status": null,
    },
    Object {
      "name": "Integrate dynamic data content into the platform",
      "status": null,
    },
    Object {
      "name": "Code.json creator tool",
      "status": null,
    },
    Object {
      "name": "Automate sitemap generation",
      "status": null,
    },
  ],
  "mid": Array [
    Object {
      "name": "Usability research to study community experience (site navigation, ease of use, content inventory)",
      "status": "null",
    },
    Object {
      "name": "Prototype style guide web components based on USWDS 2.x",
      "status": "In Progress",
    },
    Object {
      "name": "Create community metrics tool to surface open source repo data",
      "status": "Released",
    },
    Object {
      "name": "Launch Open Source Playbook/Toolkit",
      "status": "In Progress",
    },
    Object {
      "name": "Move blog from Medium to Code.gov platform",
      "status": "null",
    },
    Object {
      "name": "Add GitHub data to Projects and Open Tasks (stars, forks, etc)",
      "status": "In Progress",
    },
    Object {
      "name": "Update Swagger documentation for API",
      "status": "null",
    },
    Object {
      "name": "Search website content in addition to projects",
      "status": "null",
    },
  ],
  "near": Array [
    Object {
      "name": "Usability research to study contributor experience",
      "status": "Released",
    },
    Object {
      "name": "Add documentation to increase usability of platform",
      "status": "Released",
    },
    Object {
      "name": "Add tests to ensure code quality throughout the development process",
      "status": "Released",
    },
    Object {
      "name": "Home page redesign",
      "status": "Released",
    },
    Object {
      "name": "Data quality scoring update",
      "status": "Released",
    },
    Object {
      "name": "Add 'Official gov website' banner",
      "status": "Released",
    },
  ],
  "overview": Array [
    "At Code.gov, we know it’s important to keep an open dialogue with our users. That’s why we’re sharing our plans for the future through this Development Roadmap. Hopefully, it will help you better understand our priorities for the platform.",
    "The Development Roadmap is organized into three categories – Near-term, Mid-term, and Long-term. Priorities are sorted into roadmap categories based on feedback we receive during user interviews. Dependencies and resources are also factors that affect placement on the roadmap. If you want to join the Code.gov user testing group, please email us at <a href='mailto:code@gsa.gov'>Code@gsa.gov</a>.",
  ],
}
`
