// Jest Snapshot v1, https://goo.gl/fbAQLP

exports[`components - SiteBanner should render correctly 1`] = `
<simple-banner
  image="test-bg-img"
  title="test-title"
/>
`
