// Jest Snapshot v1, https://goo.gl/fbAQLP

exports[`components - Home render should render correctly 1`] = `
<Fragment>
  <Connect(HomeBanner) />
  <div
    className="home-container grid-container"
  >
    <Connect(HomeExplore) />
    <div
      className="grid-row grid-gap"
    >
      <Connect(HomeAbout) />
      <Connect(HomeNews) />
    </div>
  </div>
</Fragment>
`;
