// Jest Snapshot v1, https://goo.gl/fbAQLP

exports[`components - NavSelect render should render correctly 1`] = `
<select
  onChange={[Function]}
  value="/page-2"
>
  <option
    key="/page-1"
    value="/page-1"
  >
    page 1
  </option>
  <option
    key="/page-2"
    value="/page-2"
  >
    page 2
  </option>
</select>
`
