// Jest Snapshot v1, https://goo.gl/fbAQLP

exports[`containers - MobileMenuControl mapStateToProps should return the correct properties 1`] = `
Object {
  "color": "dark",
  "displayMobileMenu": true,
}
`
