// Jest Snapshot v1, https://goo.gl/fbAQLP

exports[`containers - MobileMenu mapStateToProps should return the correct properties 1`] = `
Object {
  "menu": Array [
    Object {
      "links": Array [
        Object {
          "name": "Overview",
          "url": "/federal-agencies/overview/introduction",
        },
        Object {
          "name": "Compliance",
          "url": "/federal-agencies/compliance/dashboard",
        },
        Object {
          "name": "Open Source Pilot",
          "url": "/federal-agencies/open-source/introduction",
        },
        Object {
          "name": "Source Code Policy",
          "url": "https://sourcecode.cio.gov/",
        },
      ],
      "name": "About",
    },
    Object {
      "name": "Projects",
      "url": "/browse-projects?page=1&size=10&sort=data_quality",
    },
    Object {
      "links": Array [
        Object {
          "name": "How to Inventory Code",
          "url": "/federal-agencies/compliance/inventory-code",
        },
        Object {
          "name": "Compliance Dashboard",
          "url": "/federal-agencies/compliance/dashboard",
        },
      ],
      "name": "Federal Agencies",
    },
    Object {
      "links": Array [
        Object {
          "name": "code.gov API",
          "url": "https://open.gsa.gov/api/codedotgov/",
        },
        Object {
          "name": "Open Tasks",
          "url": "/open-tasks?page=1&size=10",
        },
        Object {
          "name": "Notebooks",
          "url": "https://beta.observablehq.com/search?query=%22code.gov%22",
        },
        Object {
          "name": "Resources",
          "url": "https://github.com/GSA/code-gov/wiki/Tools-&-Resources",
        },
      ],
      "name": "Developers",
    },
    Object {
      "links": Array [
        Object {
          "name": "code.gov Repo",
          "url": "http://github.com/GSA/code-gov",
        },
        Object {
          "name": "Blog",
          "url": "https://medium.com/codedotgov",
        },
        Object {
          "name": "LinkedIn",
          "url": "https://www.linkedin.com/company/code-gov",
        },
        Object {
          "name": "Twitter",
          "url": "https://twitter.com/codedotgov",
        },
        Object {
          "name": "Contact Us",
          "url": "mailto:code@gsa.gov",
        },
      ],
      "name": "Social",
    },
  ],
}
`;
