// Jest Snapshot v1, https://goo.gl/fbAQLP

exports[`components - AboutPage - ComplianceDashboard render should render correctly 1`] = `
<Fragment>
  <LazyHTML
    url="/assets/plugins/about-page/compliance/agency-compliance.html"
  />
  <compliance-dashboard
    config="{\\"scores\\":{\\"compliant\\":[1,null],\\"partial\\":[0.25,0.9999999],\\"noncompliant\\":[null,0.244444444]},\\"text\\":[{\\"req\\":\\"agencyWidePolicy\\",\\"variants\\":{\\"compliant\\":\\"Agency policy is consistent with the Federal Source Code Policy.\\",\\"noncompliant\\":\\"Agency policy has not been reviewed for consistency with the Federal Source Code Policy.\\",\\"partial\\":\\"Agency policy is being updated for consistency with the Federal Source Code Policy.\\"}},{\\"req\\":\\"openSourceRequirement\\",\\"variants\\":{\\"compliant\\":\\"Agency has open sourced greater than 20% of their custom developed code.\\",\\"noncompliant\\":\\"Agency has open sourced less than 10% of their custom developed code.\\",\\"partial\\":\\"Agency has open sourced greater than 10% of their custom developed code.\\"}},{\\"req\\":\\"inventoryRequirement\\",\\"variants\\":{\\"compliant\\":\\"Agency has inventoried 100% of new custom code.\\",\\"noncompliant\\":\\"Agency has inventoried less than 50% of new custom code.\\",\\"partial\\":\\"Agency has inventoried more than 50% of new custom code.\\"}}]}"
    data="[{\\"name\\":\\"agency-1-name\\",\\"acronym\\":\\"DOD\\",\\"img\\":\\"/assets/img/logos/agencies/DOD-50x50.png\\"},{\\"name\\":\\"agency-2-name\\",\\"acronym\\":\\"DOE\\",\\"img\\":\\"/assets/img/logos/agencies/DOE-50x50.png\\"}]"
    id="compliance-dashboard"
  />
</Fragment>
`

exports[`components - AboutPage - InventoryCode render should render correctly 1`] = `
<Fragment>
  <LazyHTML
    url="/assets/plugins/about-page/compliance/how-to-inventory-a.html"
  />
  <json-schema
    url="/assets/data/schema.json"
  />
  <LazyHTML
    url="/assets/plugins/about-page/compliance/how-to-inventory-b.html"
  />
</Fragment>
`

exports[`components - AboutPage - JSONValidator render should render correctly 1`] = `
<Fragment>
  <h1>
    Code.json Validator
  </h1>
  <p>
    Please enter your code.json file below in order to validate it correctly meets the specification.
  </p>
  <json-schema-validator
    ajv="/external/ajv.min.js"
    jsoneditor="/external/jsoneditor"
    metaschema="/assets/data/json-schema-draft-04.json"
    schema="/assets/data/schema.json"
  />
</Fragment>
`

exports[`components - AboutPage render should render correctly 1`] = `
<div>
  <Connect(SiteBanner)
    title="ABOUT"
  />
  <Breadcrumbs
    crumbs={
      Array [
        Object {
          "text": "Home",
          "to": "/",
        },
        Object {
          "text": "About",
        },
      ]
    }
  />
  <br />
  <div
    className="indented"
  >
    <div
      className="show-w-lte-600"
      style={
        Object {
          "padding": "30px",
          "textAlign": "center",
        }
      }
    >
      <Connect(NavSelect)
        pages={
          Array [
            Object {
              "display": "Overview - Introduction",
              "route": "/about/overview/introduction",
            },
            Object {
              "display": "Overview - Tracking Progress",
              "route": "/about/overview/tracking-progress",
            },
            Object {
              "display": "Compliance - Agency Compliance",
              "route": "/about/compliance/dashboard",
            },
            Object {
              "display": "Compliance - How to Procure Software",
              "route": "/about/compliance/procurement",
            },
            Object {
              "display": "Compliance - How to Inventory",
              "route": "/about/compliance/inventory-code",
            },
            Object {
              "display": "Compliance - Validate Schema",
              "route": "/about/compliance/inventory-code/validate-schema",
            },
            Object {
              "display": "Open Source Pilot - Introduction",
              "route": "/about/open-source/introduction",
            },
            Object {
              "display": "Open Source Pilot - Tools and Resources",
              "route": "/about/open-source/resources",
            },
            Object {
              "display": "Open Source Pilot - How to Measure",
              "route": "/about/open-source/measuring-code",
            },
            Object {
              "display": "Open Source Pilot - Licensing",
              "route": "/about/open-source/licensing",
            },
          ]
        }
      />
    </div>
    <div
      className="width-quarter show-w-gt-600 sticky"
    >
      <SideNav
        alignment="left"
        baseurl="/about"
        links={
          Array [
            Object {
              "children": Array [
                Object {
                  "route": "/overview/introduction",
                  "text": "Introduction",
                },
                Object {
                  "route": "/overview/tracking-progress",
                  "text": "Tracking Progress",
                },
              ],
              "route": "/overview/introduction",
              "text": "Overview",
            },
            Object {
              "children": Array [
                Object {
                  "route": "/compliance/dashboard",
                  "text": "Agency Compliance",
                },
                Object {
                  "route": "/compliance/procurement",
                  "text": "How to Procure Software",
                },
                Object {
                  "children": Array [
                    Object {
                      "route": "/compliance/inventory-code/validate-schema",
                      "text": "Validate Schema",
                    },
                  ],
                  "route": "/compliance/inventory-code",
                  "text": "How to Inventory",
                },
              ],
              "route": "/compliance/dashboard",
              "text": "Compliance",
            },
            Object {
              "children": Array [
                Object {
                  "route": "/open-source/introduction",
                  "text": "Introduction",
                },
                Object {
                  "route": "/open-source/resources",
                  "text": "Tools and Resources",
                },
                Object {
                  "route": "/open-source/measuring-code",
                  "text": "How to Measure",
                },
                Object {
                  "route": "/open-source/licensing",
                  "text": "Licensing",
                },
              ],
              "route": "/open-source/introduction",
              "text": "Open Source Pilot",
            },
          ]
        }
        onLinkClick={[Function]}
      />
    </div>
    <div
      className="docs-content"
    >
      <Switch>
        <Route
          component={[Function]}
          path="/about/overview/introduction"
        />
        <Route
          component={[Function]}
          path="/about/overview/tracking-progress"
        />
        <Redirect
          from="/about/overview"
          push={false}
          to="/about/overview/introduction"
        />
        <Route
          component={[Function]}
          path="/about/compliance/dashboard"
        />
        <Route
          component={[Function]}
          path="/about/compliance/procurement"
        />
        <Route
          component={[Function]}
          path="/about/compliance/inventory-code/validate-schema"
        />
        <Route
          component={[Function]}
          path="/about/compliance/inventory-code"
        />
        <Redirect
          from="/about/compliance"
          push={false}
          to="/about/compliance/dashboard"
        />
        <Route
          component={[Function]}
          path="/about/open-source/introduction"
        />
        <Route
          component={[Function]}
          path="/about/open-source/resources"
        />
        <Route
          component={[Function]}
          path="/about/open-source/measuring-code"
        />
        <Route
          component={[Function]}
          path="/about/open-source/licensing"
        />
        <Redirect
          from="/about/open-source"
          push={false}
          to="/about/open-source/introduction"
        />
      </Switch>
    </div>
  </div>
  <br />
  <br />
</div>
`
