// Jest Snapshot v1, https://goo.gl/fbAQLP

exports[`components - ProjectPage render should render correctly 1`] = `
<div>
  <Connect(SiteBanner)
    title="Browse Projects"
  />
  <Breadcrumbs
    crumbs={
      Array [
        Object {
          "text": "Home",
          "to": "/",
        },
        Object {
          "text": "repo-agency-acronym",
          "to": "/browse-projects?agencies=repo-agency-acronym",
        },
        Object {
          "text": "repo-name",
        },
      ]
    }
  />
  <section
    className="grid-container"
  >
    <header>
      <div
        className="margin-top-3"
      >
        <h2
          className="font-heading-xl"
        >
          repo-name
        </h2>
        <span>
          <div
            className="padding-top-1 font-body-2xs"
          >
            Last updated on 12/10/2020
          </div>
        </span>
        <Connect(CustomLinkComponent)
          key="repo-tag-1"
          to="/search?query=repo-tag-1"
        >
          <span
            className="margin-right-1"
          >
            <button
              className="usa-tag font-body-3xs padding-1 padding-x-205 bg-primary text-lowercase radius-md border-0 margin-top-1"
            >
              repo-tag-1
            </button>
          </span>
        </Connect(CustomLinkComponent)>
        <Connect(CustomLinkComponent)
          key="repo-tag-2"
          to="/search?query=repo-tag-2"
        >
          <span
            className="margin-right-1"
          >
            <button
              className="usa-tag font-body-3xs padding-1 padding-x-205 bg-primary text-lowercase radius-md border-0 margin-top-1"
            >
              repo-tag-2
            </button>
          </span>
        </Connect(CustomLinkComponent)>
        <ul>
          <span
            className="font-body-3xs"
          >
            <li>
              <i
                className="icon icon-certificate"
              />
              <span>
                repo-license
              </span>
            </li>
          </span>
          <span
            className="font-body-3xs"
          >
            <li>
              <i
                className="icon icon-hourglass-end"
              />
              123 hours
            </li>
          </span>
          <span
            className="font-body-3xs"
          >
            <li>
              <i
                className="icon icon-code"
              />
              <span
                className="languagefalse"
                key="repo-lang-1"
              >
                repo-lang-1
                <span
                  className="comma"
                >
                  , 
                </span>
              </span>
              <span
                className="language last"
                key="repo-lang-2"
              >
                repo-lang-2
                <span
                  className="comma"
                >
                  , 
                </span>
              </span>
            </li>
          </span>
          <span
            className="font-body-3xs"
          >
            <li>
              <i
                className="icon icon-mail"
              />
              <a
                href="mailto:repo-email?Subject=Contribution%20Inquiry"
                target="_top"
              >
                repo-email
              </a>
            </li>
          </span>
        </ul>
        <p
          className="maxw-none font-body-2xs"
        >
          repo-desc
        </p>
        <div>
          <br />
          <div
            className="metadata-entry"
          >
            <div
              className="metadata-key"
            >
              array
            </div>
            <div
              className="metadata-value"
            >
              <div
                key="array-repo-meta-arr-1"
              >
                repo-meta-arr-1
              </div>
            </div>
          </div>
          <div
            className="metadata-entry"
          >
            <div
              className="metadata-key"
            >
              url
            </div>
            <div
              className="metadata-value"
            >
              <a
                href="http://www.repo-meta-url.com"
                rel="noopener noreferrer"
                target="_blank"
              >
                <div>
                  http://www.repo-meta-url.com
                </div>
              </a>
            </div>
          </div>
          <div
            className="metadata-entry"
          >
            <div
              className="metadata-key"
            >
              string
            </div>
            <div
              className="metadata-value"
            >
              <div>
                repo-meta-string
              </div>
            </div>
          </div>
        </div>
        <br />
        <a
          href="https://github.com/repo-url"
          rel="noopener noreferrer"
          target="_blank"
        >
          <button
            className="usa-button margin-bottom-6 margin-top-neg-2px"
          >
            Visit Repo
          </button>
        </a>
      </div>
    </header>
  </section>
</div>
`;
