// Jest Snapshot v1, https://goo.gl/fbAQLP

exports[`components - PrivacyPolicy render should render correctly 1`] = `
<main
  id="main-content"
>
  <Connect(SiteBanner)
    title="Privacy Policy"
  />
  <Breadcrumbs
    crumbs={
      Array [
        Object {
          "text": "Home",
          "to": "/",
        },
        Object {
          "text": "Privacy Policy",
        },
      ]
    }
  />
  <div
    className="grid-container margin-top-1"
  >
    <div
      dangerouslySetInnerHTML={
        Object {
          "__html": "test-privacy-policy",
        }
      }
    />
  </div>
</main>
`;
