// Jest Snapshot v1, https://goo.gl/fbAQLP

exports[`containers - PrivacyPolicy mapStateToProps should return the correct properties 1`] = `
Object {
  "privacyPolicy": "MOCK_ASSET",
}
`
